// Vitest Snapshot v1, https://vitest.dev/guide/snapshot.html

exports[`Avatar component > should render without issues 1`] = `
<div>
  <div
    class="rce-container-lmsg"
  >
    <a
      class="rce-mbox-location"
      href="https://www.google.com/maps/search/?api=1&query=undefined,undefined&zoom=14"
      target="_blank"
    >
      <img
        class="rce-mbox-location-img"
        src="https://maps.googleapis.com/maps/api/staticmap?markers=color:red|undefined,undefined&zoom=14&size=270x200&scale=2&key=undefined"
      />
    </a>
  </div>
</div>
`;
